Last login: Mon Apr  6 22:06:47 on ttys000
Hs-MacBook-Pro:datasciencecoursera hsidatt$ git
xcode-select: note: no developer tools were found at '/Applications/Xcode.app', requesting install. Choose an option in the dialog to download the command line developer tools.
Hs-MacBook-Pro:datasciencecoursera hsidatt$ git
usage: git [--version] [--help] [-C <path>] [-c name=value]
           [--exec-path[=<path>]] [--html-path] [--man-path] [--info-path]
           [-p|--paginate|--no-pager] [--no-replace-objects] [--bare]
           [--git-dir=<path>] [--work-tree=<path>] [--namespace=<name>]
           <command> [<args>]

The most commonly used git commands are:
   add        Add file contents to the index
   bisect     Find by binary search the change that introduced a bug
   branch     List, create, or delete branches
   checkout   Checkout a branch or paths to the working tree
   clone      Clone a repository into a new directory
   commit     Record changes to the repository
   diff       Show changes between commits, commit and working tree, etc
   fetch      Download objects and refs from another repository
   grep       Print lines matching a pattern
   init       Create an empty Git repository or reinitialize an existing one
   log        Show commit logs
   merge      Join two or more development histories together
   mv         Move or rename a file, a directory, or a symlink
   pull       Fetch from and integrate with another repository or a local branch
   push       Update remote refs along with associated objects
   rebase     Forward-port local commits to the updated upstream head
   reset      Reset current HEAD to the specified state
   rm         Remove files from the working tree and from the index
   show       Show various types of objects
   status     Show the working tree status
   tag        Create, list, delete or verify a tag object signed with GPG

'git help -a' and 'git help -g' lists available subcommands and some
concept guides. See 'git help <command>' or 'git help <concept>'
to read about a specific subcommand or concept.
Hs-MacBook-Pro:datasciencecoursera hsidatt$ 
Hs-MacBook-Pro:datasciencecoursera hsidatt$ 
Hs-MacBook-Pro:datasciencecoursera hsidatt$ ls
test
Hs-MacBook-Pro:datasciencecoursera hsidatt$ dir
-bash: dir: command not found
Hs-MacBook-Pro:datasciencecoursera hsidatt$ ls
test
Hs-MacBook-Pro:datasciencecoursera hsidatt$ cls
-bash: cls: command not found
Hs-MacBook-Pro:datasciencecoursera hsidatt$ clear

Hs-MacBook-Pro:datasciencecoursera hsidatt$ ls
test
Hs-MacBook-Pro:datasciencecoursera hsidatt$ cd /hsidatt
-bash: cd: /hsidatt: No such file or directory
Hs-MacBook-Pro:datasciencecoursera hsidatt$ cd 
Hs-MacBook-Pro:~ hsidatt$ ls
Applications	Downloads	Movies		Public		Untitled.R
Desktop		GitHub		Music		Test1.brain	incdis.R
Documents	Library		Pictures	Test1_brain
Hs-MacBook-Pro:~ hsidatt$ cd GitHub/
Hs-MacBook-Pro:GitHub hsidatt$ ls
datasciencecoursera
Hs-MacBook-Pro:GitHub hsidatt$ c datasciencecoursera/
-bash: c: command not found
Hs-MacBook-Pro:GitHub hsidatt$ ls
datasciencecoursera
Hs-MacBook-Pro:GitHub hsidatt$ cd datasciencecoursera/
Hs-MacBook-Pro:datasciencecoursera hsidatt$ ls
test
Hs-MacBook-Pro:datasciencecoursera hsidatt$ cd ~
Hs-MacBook-Pro:~ hsidatt$ ls
Applications	Downloads	Movies		Public		Untitled.R
Desktop		GitHub		Music		Test1.brain	incdis.R
Documents	Library		Pictures	Test1_brain
Hs-MacBook-Pro:~ hsidatt$ ls -a
.			.bash_history		GitHub
..			.config			Library
.CFUserTextEncoding	.cups			Movies
.DS_Store		.gitconfig		Music
.R			.rstudio-desktop	Pictures
.RData			.ssh			Public
.Rapp.history		Applications		Test1.brain
.Rhistory		Desktop			Test1_brain
.TheBrain		Documents		Untitled.R
.Trash			Downloads		incdis.R
Hs-MacBook-Pro:~ hsidatt$ ls -l
total 32
drwx------    3 hsidatt  staff    102 Nov 21 10:48 Applications
drwx------+  16 hsidatt  staff    544 Mar 14 22:18 Desktop
drwx------+  77 hsidatt  staff   2618 Mar 27 21:52 Documents
drwx------+ 363 hsidatt  staff  12342 Apr  8 12:35 Downloads
drwxr-xr-x    4 hsidatt  staff    136 Apr  6 19:53 GitHub
drwx------@  50 hsidatt  staff   1700 Nov 21 10:48 Library
drwx------+   3 hsidatt  staff    102 Oct  9 19:46 Movies
drwx------+   4 hsidatt  staff    136 Oct 13 11:00 Music
drwx------+   5 hsidatt  staff    170 Oct 13 07:04 Pictures
drwxr-xr-x+   5 hsidatt  staff    170 Oct  9 19:46 Public
-rw-r--r--    1 hsidatt  staff   4643 Jan 10 12:08 Test1.brain
drwxr-xr-x   16 hsidatt  staff    544 Jan  8 14:55 Test1_brain
-rw-r--r--    1 hsidatt  staff    608 Apr  4 07:09 Untitled.R
-rw-r--r--    1 hsidatt  staff    656 Apr  5 22:51 incdis.R
Hs-MacBook-Pro:~ hsidatt$ pwd
/Users/hsidatt
Hs-MacBook-Pro:~ hsidatt$ cd
Hs-MacBook-Pro:~ hsidatt$ ls
Applications	Downloads	Movies		Public		Untitled.R
Desktop		GitHub		Music		Test1.brain	incdis.R
Documents	Library		Pictures	Test1_brain
Hs-MacBook-Pro:~ hsidatt$ ls -a
.			.bash_history		GitHub
..			.config			Library
.CFUserTextEncoding	.cups			Movies
.DS_Store		.gitconfig		Music
.R			.rstudio-desktop	Pictures
.RData			.ssh			Public
.Rapp.history		Applications		Test1.brain
.Rhistory		Desktop			Test1_brain
.TheBrain		Documents		Untitled.R
.Trash			Downloads		incdis.R
Hs-MacBook-Pro:~ hsidatt$ date
Wed Apr  8 22:20:02 GMT 2015
Hs-MacBook-Pro:~ hsidatt$ ls
Applications	Downloads	Movies		Public		Untitled.R
Desktop		GitHub		Music		Test1.brain	incdis.R
Documents	Library		Pictures	Test1_brain
Hs-MacBook-Pro:~ hsidatt$ mkdir test1
Hs-MacBook-Pro:~ hsidatt$ cp Test1.brain test1
Hs-MacBook-Pro:~ hsidatt$ cd test1
Hs-MacBook-Pro:test1 hsidatt$ ls
Test1.brain
Hs-MacBook-Pro:test1 hsidatt$ cd..
-bash: cd..: command not found
Hs-MacBook-Pro:test1 hsidatt$ cd..
-bash: cd..: command not found
Hs-MacBook-Pro:test1 hsidatt$ cd ..
Hs-MacBook-Pro:~ hsidatt$ ls
Applications	Downloads	Movies		Public		Untitled.R
Desktop		GitHub		Music		Test1.brain	incdis.R
Documents	Library		Pictures	Test1_brain	test1
Hs-MacBook-Pro:~ hsidatt$ git
usage: git [--version] [--help] [-C <path>] [-c name=value]
           [--exec-path[=<path>]] [--html-path] [--man-path] [--info-path]
           [-p|--paginate|--no-pager] [--no-replace-objects] [--bare]
           [--git-dir=<path>] [--work-tree=<path>] [--namespace=<name>]
           <command> [<args>]

The most commonly used git commands are:
   add        Add file contents to the index
   bisect     Find by binary search the change that introduced a bug
   branch     List, create, or delete branches
   checkout   Checkout a branch or paths to the working tree
   clone      Clone a repository into a new directory
   commit     Record changes to the repository
   diff       Show changes between commits, commit and working tree, etc
   fetch      Download objects and refs from another repository
   grep       Print lines matching a pattern
   init       Create an empty Git repository or reinitialize an existing one
   log        Show commit logs
   merge      Join two or more development histories together
   mv         Move or rename a file, a directory, or a symlink
   pull       Fetch from and integrate with another repository or a local branch
   push       Update remote refs along with associated objects
   rebase     Forward-port local commits to the updated upstream head
   reset      Reset current HEAD to the specified state
   rm         Remove files from the working tree and from the index
   show       Show various types of objects
   status     Show the working tree status
   tag        Create, list, delete or verify a tag object signed with GPG

'git help -a' and 'git help -g' lists available subcommands and some
concept guides. See 'git help <command>' or 'git help <concept>'
to read about a specific subcommand or concept.
Hs-MacBook-Pro:~ hsidatt$ 
Hs-MacBook-Pro:~ hsidatt$ ls
Applications	Downloads	Movies		Public		Untitled.R
Desktop		GitHub		Music		Test1.brain	incdis.R
Documents	Library		Pictures	Test1_brain	test1
Hs-MacBook-Pro:~ hsidatt$ cd GitHub/
Hs-MacBook-Pro:GitHub hsidatt$ ls
datasciencecoursera
Hs-MacBook-Pro:GitHub hsidatt$ cd datasciencecoursera/
Hs-MacBook-Pro:datasciencecoursera hsidatt$ cd /test
-bash: cd: /test: No such file or directory
Hs-MacBook-Pro:datasciencecoursera hsidatt$ ls
test
Hs-MacBook-Pro:datasciencecoursera hsidatt$ cd test
Hs-MacBook-Pro:test hsidatt$ ls
Hs-MacBook-Pro:test hsidatt$ git init
Initialized empty Git repository in /Users/hsidatt/GitHub/datasciencecoursera/test/.git/
Hs-MacBook-Pro:test hsidatt$ git remote add origin https://github.com/osidat/test.git
Hs-MacBook-Pro:test hsidatt$ 
Hs-MacBook-Pro:test hsidatt$ ls
Hs-MacBook-Pro:test hsidatt$ git commit -am "testing"
On branch master

Initial commit

nothing to commit
Hs-MacBook-Pro:test hsidatt$ ls
Hs-MacBook-Pro:test hsidatt$ touh testing
-bash: touh: command not found
Hs-MacBook-Pro:test hsidatt$ touch testing
Hs-MacBook-Pro:test hsidatt$ ls
testing
Hs-MacBook-Pro:test hsidatt$ git commit -am "testing"
On branch master

Initial commit

Untracked files:
	testing

nothing added to commit but untracked files present
Hs-MacBook-Pro:test hsidatt$ git commit
On branch master

Initial commit

Untracked files:
	testing

nothing added to commit but untracked files present
Hs-MacBook-Pro:test hsidatt$ git add
Nothing specified, nothing added.
Maybe you wanted to say 'git add .'?
Hs-MacBook-Pro:test hsidatt$ git add -u
Hs-MacBook-Pro:test hsidatt$ ls
testing
Hs-MacBook-Pro:test hsidatt$ git add -u testing
Hs-MacBook-Pro:test hsidatt$ ls
testing
Hs-MacBook-Pro:test hsidatt$ git commit -am "testing"
On branch master

Initial commit

Untracked files:
	testing

nothing added to commit but untracked files present
Hs-MacBook-Pro:test hsidatt$ git add testing
Hs-MacBook-Pro:test hsidatt$ git commit -am "testing"
[master (root-commit) 3ec3886] testing
 Committer: osidatt <hsidatt@Hs-MacBook-Pro.local>
Your name and email address were configured automatically based
on your username and hostname. Please check that they are accurate.
You can suppress this message by setting them explicitly:

    git config --global user.name "Your Name"
    git config --global user.email you@example.com

After doing this, you may fix the identity used for this commit with:

    git commit --amend --reset-author

 1 file changed, 0 insertions(+), 0 deletions(-)
 create mode 100644 testing
Hs-MacBook-Pro:test hsidatt$ git commit -m "learning"
On branch master
nothing to commit, working directory clean
Hs-MacBook-Pro:test hsidatt$ ls
testing
Hs-MacBook-Pro:test hsidatt$ vi

[1]+  Stopped                 vi
Hs-MacBook-Pro:test hsidatt$ vi testing

[2]+  Stopped                 vi testing
Hs-MacBook-Pro:test hsidatt$ ls testing
testing
Hs-MacBook-Pro:test hsidatt$ ls -al testing
-rw-r--r--  1 hsidatt  staff  0 Apr  9 05:30 testing
Hs-MacBook-Pro:test hsidatt$ cd
Hs-MacBook-Pro:~ hsidatt$ ls
Applications	Downloads	Movies		Public		Untitled.R
Desktop		GitHub		Music		Test1.brain	incdis.R
Documents	Library		Pictures	Test1_brain	test1
Hs-MacBook-Pro:~ hsidatt$ cd GitHub/
Hs-MacBook-Pro:GitHub hsidatt$ ls
datasciencecoursera
Hs-MacBook-Pro:GitHub hsidatt$ ls
datasciencecoursera
Hs-MacBook-Pro:GitHub hsidatt$ cd..
-bash: cd..: command not found
Hs-MacBook-Pro:GitHub hsidatt$ cd ..
Hs-MacBook-Pro:~ hsidatt$ ls
Applications	Downloads	Movies		Public		Untitled.R
Desktop		GitHub		Music		Test1.brain	incdis.R
Documents	Library		Pictures	Test1_brain	test1
Hs-MacBook-Pro:~ hsidatt$ cd GitHub/
Hs-MacBook-Pro:GitHub hsidatt$ cd ls
-bash: cd: ls: No such file or directory
Hs-MacBook-Pro:GitHub hsidatt$ ls
datasciencecoursera
Hs-MacBook-Pro:GitHub hsidatt$ cd datasciencecoursera/
Hs-MacBook-Pro:datasciencecoursera hsidatt$ ls
test
Hs-MacBook-Pro:datasciencecoursera hsidatt$ cd test
Hs-MacBook-Pro:test hsidatt$ ls
testing
Hs-MacBook-Pro:test hsidatt$ vi testing
Hs-MacBook-Pro:test hsidatt$ vi hello

hello worldßß   ß
~                                                                               
~                                                                               
~                                                                               
~                                                                               
~                                                                               
~                                                                               
~                                                                               
~                                                                               
~                                                                               
~                                                                               
~                                                                               
~                                                                               
~                                                                               
~                                                                               
~                                                                               
~                                                                               
~                                                                               
~                                                                               
~                                                                               
~                                                                               
~                                                                               
~                                                                               
-- INSERT -- 
